// Jest Snapshot v1, https://goo.gl/fbAQLP

exports[`It's time to the instant Snapshot 1`] = `
Object {
  "gender": "Male",
  "id": 1,
  "name": "Rick Sanches",
  "species": "Human",
  "status": "Alive",
}
`;

exports[`It's time to the instant always is gonna fail the instant 1`] = `
Object {
  "createAt": 2020-08-10T20:52:26.719Z,
  "id": 10,
}
`;

exports[`It's time to the instant we allow an exception 1`] = `
Object {
  "id": Any<Number>,
  "name": "billi ramirez obregon",
}
`;
